Analysis & Synthesis report for teste
Tue Mar 31 16:24:00 2026
Quartus Prime Version 23.1std.0 Build 991 11/28/2023 SC Lite Edition


---------------------
; Table of Contents ;
---------------------
  1. Legal Notice
  2. Analysis & Synthesis Summary
  3. Analysis & Synthesis Settings
  4. Parallel Compilation
  5. Analysis & Synthesis Source Files Read
  6. Analysis & Synthesis Resource Usage Summary
  7. Analysis & Synthesis Resource Utilization by Entity
  8. General Register Statistics
  9. Port Connectivity Checks: "FlipFlopD:FF_VIDEO3"
 10. Port Connectivity Checks: "CriarBloco:BLANKD_V"
 11. Port Connectivity Checks: "CriarBloco:BLANKD_H"
 12. Port Connectivity Checks: "FlipFlopD:FF_VIDEO2"
 13. Port Connectivity Checks: "CriarBloco:BLANKC_V"
 14. Port Connectivity Checks: "CriarBloco:BLANKC_H"
 15. Port Connectivity Checks: "FlipFlopD:FF_VIDEO1"
 16. Port Connectivity Checks: "CriarBloco:BLANKB_V"
 17. Port Connectivity Checks: "CriarBloco:BLANKB_H"
 18. Port Connectivity Checks: "FlipFlopD:FF_VIDEO0"
 19. Port Connectivity Checks: "CriarBloco:BLANK_V"
 20. Port Connectivity Checks: "CriarBloco:BLANK_H"
 21. Port Connectivity Checks: "FlipFlopD:FF_VSYNC"
 22. Port Connectivity Checks: "FlipFlopD:FF_HSYNC"
 23. Port Connectivity Checks: "CriarBloco:VSYNC_GEN"
 24. Port Connectivity Checks: "CriarBloco:HSYNC_GEN|Comparador10bits:Comp1"
 25. Port Connectivity Checks: "CriarBloco:HSYNC_GEN|Comparador10bits:Comp0|Comparador1bit:bit1"
 26. Port Connectivity Checks: "CriarBloco:HSYNC_GEN|Comparador10bits:Comp0|Comparador1bit:bit2"
 27. Port Connectivity Checks: "CriarBloco:HSYNC_GEN|Comparador10bits:Comp0|Comparador1bit:bit3"
 28. Port Connectivity Checks: "CriarBloco:HSYNC_GEN|Comparador10bits:Comp0|Comparador1bit:bit4"
 29. Port Connectivity Checks: "CriarBloco:HSYNC_GEN|Comparador10bits:Comp0|Comparador1bit:bit5"
 30. Port Connectivity Checks: "CriarBloco:HSYNC_GEN|Comparador10bits:Comp0|Comparador1bit:bit6"
 31. Port Connectivity Checks: "CriarBloco:HSYNC_GEN|Comparador10bits:Comp0|Comparador1bit:bit7"
 32. Port Connectivity Checks: "CriarBloco:HSYNC_GEN|Comparador10bits:Comp0|Comparador1bit:bit8"
 33. Port Connectivity Checks: "CriarBloco:HSYNC_GEN|Comparador10bits:Comp0|Comparador1bit:bit9"
 34. Port Connectivity Checks: "CriarBloco:HSYNC_GEN|Comparador10bits:Comp0"
 35. Port Connectivity Checks: "CriarBloco:HSYNC_GEN"
 36. Port Connectivity Checks: "ContadorVsync:ContVsync"
 37. Port Connectivity Checks: "ContadorHsync:ContHsync"
 38. Port Connectivity Checks: "DivFreq:Div|FlipFlopD:FFD0"
 39. Port Connectivity Checks: "Mux4inp8bits:Mux1|Mux4inp4bits:Mux1"
 40. Port Connectivity Checks: "Mux4inp8bits:Mux1|Mux4inp4bits:Mux0"
 41. Port Connectivity Checks: "Mux4inp8bits:Mux1"
 42. Port Connectivity Checks: "Mux4inp4bits:Mux0"
 43. Post-Synthesis Netlist Statistics for Top Partition
 44. Elapsed Time Per Partition
 45. Analysis & Synthesis Messages
 46. Analysis & Synthesis Suppressed Messages



----------------
; Legal Notice ;
----------------
Copyright (C) 2023  Intel Corporation. All rights reserved.
Your use of Intel Corporation's design tools, logic functions 
and other software and tools, and any partner logic 
functions, and any output files from any of the foregoing 
(including device programming or simulation files), and any 
associated documentation or information are expressly subject 
to the terms and conditions of the Intel Program License 
Subscription Agreement, the Intel Quartus Prime License Agreement,
the Intel FPGA IP License Agreement, or other applicable license
agreement, including, without limitation, that your use is for
the sole purpose of programming logic devices manufactured by
Intel and sold by Intel or its authorized distributors.  Please
refer to the applicable agreement for further details, at
https://fpgasoftware.intel.com/eula.



+-------------------------------------------------------------------------------------+
; Analysis & Synthesis Summary                                                        ;
+------------------------------------+------------------------------------------------+
; Analysis & Synthesis Status        ; Successful - Tue Mar 31 16:24:00 2026          ;
; Quartus Prime Version              ; 23.1std.0 Build 991 11/28/2023 SC Lite Edition ;
; Revision Name                      ; teste                                          ;
; Top-level Entity Name              ; Main                                           ;
; Family                             ; MAX 10                                         ;
; Total logic elements               ; 136                                            ;
;     Total combinational functions  ; 136                                            ;
;     Dedicated logic registers      ; 27                                             ;
; Total registers                    ; 27                                             ;
; Total pins                         ; 36                                             ;
; Total virtual pins                 ; 0                                              ;
; Total memory bits                  ; 0                                              ;
; Embedded Multiplier 9-bit elements ; 0                                              ;
; Total PLLs                         ; 0                                              ;
; UFM blocks                         ; 0                                              ;
; ADC blocks                         ; 0                                              ;
+------------------------------------+------------------------------------------------+


+------------------------------------------------------------------------------------------------------------+
; Analysis & Synthesis Settings                                                                              ;
+------------------------------------------------------------------+--------------------+--------------------+
; Option                                                           ; Setting            ; Default Value      ;
+------------------------------------------------------------------+--------------------+--------------------+
; Device                                                           ; 10M50DAF484C7G     ;                    ;
; Top-level entity name                                            ; Main               ; teste              ;
; Family name                                                      ; MAX 10             ; Cyclone V          ;
; Use smart compilation                                            ; Off                ; Off                ;
; Enable parallel Assembler and Timing Analyzer during compilation ; On                 ; On                 ;
; Enable compact report table                                      ; Off                ; Off                ;
; Restructure Multiplexers                                         ; Auto               ; Auto               ;
; Create Debugging Nodes for IP Cores                              ; Off                ; Off                ;
; Preserve fewer node names                                        ; On                 ; On                 ;
; Intel FPGA IP Evaluation Mode                                    ; Enable             ; Enable             ;
; Verilog Version                                                  ; Verilog_2001       ; Verilog_2001       ;
; VHDL Version                                                     ; VHDL_1993          ; VHDL_1993          ;
; State Machine Processing                                         ; Auto               ; Auto               ;
; Safe State Machine                                               ; Off                ; Off                ;
; Extract Verilog State Machines                                   ; On                 ; On                 ;
; Extract VHDL State Machines                                      ; On                 ; On                 ;
; Ignore Verilog initial constructs                                ; Off                ; Off                ;
; Iteration limit for constant Verilog loops                       ; 5000               ; 5000               ;
; Iteration limit for non-constant Verilog loops                   ; 250                ; 250                ;
; Add Pass-Through Logic to Inferred RAMs                          ; On                 ; On                 ;
; Infer RAMs from Raw Logic                                        ; On                 ; On                 ;
; Parallel Synthesis                                               ; On                 ; On                 ;
; DSP Block Balancing                                              ; Auto               ; Auto               ;
; NOT Gate Push-Back                                               ; On                 ; On                 ;
; Power-Up Don't Care                                              ; On                 ; On                 ;
; Remove Redundant Logic Cells                                     ; Off                ; Off                ;
; Remove Duplicate Registers                                       ; On                 ; On                 ;
; Ignore CARRY Buffers                                             ; Off                ; Off                ;
; Ignore CASCADE Buffers                                           ; Off                ; Off                ;
; Ignore GLOBAL Buffers                                            ; Off                ; Off                ;
; Ignore ROW GLOBAL Buffers                                        ; Off                ; Off                ;
; Ignore LCELL Buffers                                             ; Off                ; Off                ;
; Ignore SOFT Buffers                                              ; On                 ; On                 ;
; Limit AHDL Integers to 32 Bits                                   ; Off                ; Off                ;
; Optimization Technique                                           ; Balanced           ; Balanced           ;
; Carry Chain Length                                               ; 70                 ; 70                 ;
; Auto Carry Chains                                                ; On                 ; On                 ;
; Auto Open-Drain Pins                                             ; On                 ; On                 ;
; Perform WYSIWYG Primitive Resynthesis                            ; Off                ; Off                ;
; Auto ROM Replacement                                             ; On                 ; On                 ;
; Auto RAM Replacement                                             ; On                 ; On                 ;
; Auto DSP Block Replacement                                       ; On                 ; On                 ;
; Auto Shift Register Replacement                                  ; Auto               ; Auto               ;
; Allow Shift Register Merging across Hierarchies                  ; Auto               ; Auto               ;
; Auto Clock Enable Replacement                                    ; On                 ; On                 ;
; Strict RAM Replacement                                           ; Off                ; Off                ;
; Allow Synchronous Control Signals                                ; On                 ; On                 ;
; Force Use of Synchronous Clear Signals                           ; Off                ; Off                ;
; Auto RAM Block Balancing                                         ; On                 ; On                 ;
; Auto RAM to Logic Cell Conversion                                ; Off                ; Off                ;
; Auto Resource Sharing                                            ; Off                ; Off                ;
; Allow Any RAM Size For Recognition                               ; Off                ; Off                ;
; Allow Any ROM Size For Recognition                               ; Off                ; Off                ;
; Allow Any Shift Register Size For Recognition                    ; Off                ; Off                ;
; Use LogicLock Constraints during Resource Balancing              ; On                 ; On                 ;
; Ignore translate_off and synthesis_off directives                ; Off                ; Off                ;
; Timing-Driven Synthesis                                          ; On                 ; On                 ;
; Report Parameter Settings                                        ; On                 ; On                 ;
; Report Source Assignments                                        ; On                 ; On                 ;
; Report Connectivity Checks                                       ; On                 ; On                 ;
; Ignore Maximum Fan-Out Assignments                               ; Off                ; Off                ;
; Synchronization Register Chain Length                            ; 2                  ; 2                  ;
; Power Optimization During Synthesis                              ; Normal compilation ; Normal compilation ;
; HDL message level                                                ; Level2             ; Level2             ;
; Suppress Register Optimization Related Messages                  ; Off                ; Off                ;
; Number of Removed Registers Reported in Synthesis Report         ; 5000               ; 5000               ;
; Number of Swept Nodes Reported in Synthesis Report               ; 5000               ; 5000               ;
; Number of Inverted Registers Reported in Synthesis Report        ; 100                ; 100                ;
; Clock MUX Protection                                             ; On                 ; On                 ;
; Auto Gated Clock Conversion                                      ; Off                ; Off                ;
; Block Design Naming                                              ; Auto               ; Auto               ;
; SDC constraint protection                                        ; Off                ; Off                ;
; Synthesis Effort                                                 ; Auto               ; Auto               ;
; Shift Register Replacement - Allow Asynchronous Clear Signal     ; On                 ; On                 ;
; Pre-Mapping Resynthesis Optimization                             ; Off                ; Off                ;
; Analysis & Synthesis Message Level                               ; Medium             ; Medium             ;
; Disable Register Merging Across Hierarchies                      ; Auto               ; Auto               ;
; Resource Aware Inference For Block RAM                           ; On                 ; On                 ;
+------------------------------------------------------------------+--------------------+--------------------+


+------------------------------------------+
; Parallel Compilation                     ;
+----------------------------+-------------+
; Processors                 ; Number      ;
+----------------------------+-------------+
; Number detected on machine ; 20          ;
; Maximum allowed            ; 14          ;
;                            ;             ;
; Average used               ; 1.00        ;
; Maximum used               ; 14          ;
;                            ;             ;
; Usage by Processor         ; % Time Used ;
;     Processor 1            ; 100.0%      ;
;     Processor 2            ;   0.0%      ;
;     Processors 3-14        ;   0.0%      ;
+----------------------------+-------------+


+--------------------------------------------------------------------------------------------------------------------------------------------------+
; Analysis & Synthesis Source Files Read                                                                                                           ;
+----------------------------------+-----------------+------------------------+----------------------------------------------------------+---------+
; File Name with User-Entered Path ; Used in Netlist ; File Type              ; File Name with Absolute Path                             ; Library ;
+----------------------------------+-----------------+------------------------+----------------------------------------------------------+---------+
; Conversor.v                      ; yes             ; User Verilog HDL File  ; /home/aluno/Downloads/VFinal/V2/teste/Conversor.v        ;         ;
; Logic.v                          ; yes             ; User Verilog HDL File  ; /home/aluno/Downloads/VFinal/V2/teste/Logic.v            ;         ;
; Main.v                           ; yes             ; User Verilog HDL File  ; /home/aluno/Downloads/VFinal/V2/teste/Main.v             ;         ;
; Mux4inp.v                        ; yes             ; User Verilog HDL File  ; /home/aluno/Downloads/VFinal/V2/teste/Mux4inp.v          ;         ;
; Mux4inp4bits.v                   ; yes             ; User Verilog HDL File  ; /home/aluno/Downloads/VFinal/V2/teste/Mux4inp4bits.v     ;         ;
; LogicaLEDs.v                     ; yes             ; User Verilog HDL File  ; /home/aluno/Downloads/VFinal/V2/teste/LogicaLEDs.v       ;         ;
; Mux4inp8bits.v                   ; yes             ; User Verilog HDL File  ; /home/aluno/Downloads/VFinal/V2/teste/Mux4inp8bits.v     ;         ;
; FlipFlopD.v                      ; yes             ; User Verilog HDL File  ; /home/aluno/Downloads/VFinal/V2/teste/FlipFlopD.v        ;         ;
; Comparador1bit.v                 ; yes             ; User Verilog HDL File  ; /home/aluno/Downloads/VFinal/V2/teste/Comparador1bit.v   ;         ;
; Comparador10bits.v               ; yes             ; User Verilog HDL File  ; /home/aluno/Downloads/VFinal/V2/teste/Comparador10bits.v ;         ;
; CriarBloco.v                     ; yes             ; User Verilog HDL File  ; /home/aluno/Downloads/VFinal/V2/teste/CriarBloco.v       ;         ;
; ContadorHsync.v                  ; yes             ; User Verilog HDL File  ; /home/aluno/Downloads/VFinal/V2/teste/ContadorHsync.v    ;         ;
; ContadorVsync.v                  ; yes             ; User Verilog HDL File  ; /home/aluno/Downloads/VFinal/V2/teste/ContadorVsync.v    ;         ;
; DivFreq.v                        ; yes             ; User Verilog HDL File  ; /home/aluno/Downloads/VFinal/V2/teste/DivFreq.v          ;         ;
; Sprite_Gas.v                     ; yes             ; User Verilog HDL File  ; /home/aluno/Downloads/VFinal/V2/teste/Sprite_Gas.v       ;         ;
; Sprite_Temp.v                    ; yes             ; User Verilog HDL File  ; /home/aluno/Downloads/VFinal/V2/teste/Sprite_Temp.v      ;         ;
; Sprite_Luz.v                     ; yes             ; User Verilog HDL File  ; /home/aluno/Downloads/VFinal/V2/teste/Sprite_Luz.v       ;         ;
; Sprite_Pessoa.v                  ; yes             ; User Verilog HDL File  ; /home/aluno/Downloads/VFinal/V2/teste/Sprite_Pessoa.v    ;         ;
+----------------------------------+-----------------+------------------------+----------------------------------------------------------+---------+


+----------------------------------------------------------------------------------------+
; Analysis & Synthesis Resource Usage Summary                                            ;
+---------------------------------------------+------------------------------------------+
; Resource                                    ; Usage                                    ;
+---------------------------------------------+------------------------------------------+
; Estimated Total logic elements              ; 136                                      ;
;                                             ;                                          ;
; Total combinational functions               ; 136                                      ;
; Logic element usage by number of LUT inputs ;                                          ;
;     -- 4 input functions                    ; 98                                       ;
;     -- 3 input functions                    ; 25                                       ;
;     -- <=2 input functions                  ; 13                                       ;
;                                             ;                                          ;
; Logic elements by mode                      ;                                          ;
;     -- normal mode                          ; 136                                      ;
;     -- arithmetic mode                      ; 0                                        ;
;                                             ;                                          ;
; Total registers                             ; 27                                       ;
;     -- Dedicated logic registers            ; 27                                       ;
;     -- I/O registers                        ; 0                                        ;
;                                             ;                                          ;
; I/O pins                                    ; 36                                       ;
;                                             ;                                          ;
; Embedded Multiplier 9-bit elements          ; 0                                        ;
;                                             ;                                          ;
; Maximum fan-out node                        ; ContadorVsync:ContVsync|FlipFlopD:FFD3|q ;
; Maximum fan-out                             ; 27                                       ;
; Total fan-out                               ; 621                                      ;
; Average fan-out                             ; 2.64                                     ;
+---------------------------------------------+------------------------------------------+


+---------------------------------------------------------------------------------------------------------------------------------------------------------------------------------------------------------------------------------------------------------------------------+
; Analysis & Synthesis Resource Utilization by Entity                                                                                                                                                                                                                       ;
+------------------------------+---------------------+---------------------------+-------------+------------+--------------+---------+-----------+------+--------------+------------+--------------------------------------------------------+---------------+--------------+
; Compilation Hierarchy Node   ; Combinational ALUTs ; Dedicated Logic Registers ; Memory Bits ; UFM Blocks ; DSP Elements ; DSP 9x9 ; DSP 18x18 ; Pins ; Virtual Pins ; ADC blocks ; Full Hierarchy Name                                    ; Entity Name   ; Library Name ;
+------------------------------+---------------------+---------------------------+-------------+------------+--------------+---------+-----------+------+--------------+------------+--------------------------------------------------------+---------------+--------------+
; |Main                        ; 136 (57)            ; 27 (0)                    ; 0           ; 0          ; 0            ; 0       ; 0         ; 36   ; 0            ; 0          ; |Main                                                  ; Main          ; work         ;
;    |ContadorHsync:ContHsync| ; 15 (3)              ; 10 (0)                    ; 0           ; 0          ; 0            ; 0       ; 0         ; 0    ; 0            ; 0          ; |Main|ContadorHsync:ContHsync                          ; ContadorHsync ; work         ;
;       |FlipFlopD:FFD0|       ; 1 (1)               ; 1 (1)                     ; 0           ; 0          ; 0            ; 0       ; 0         ; 0    ; 0            ; 0          ; |Main|ContadorHsync:ContHsync|FlipFlopD:FFD0           ; FlipFlopD     ; work         ;
;       |FlipFlopD:FFD1|       ; 1 (1)               ; 1 (1)                     ; 0           ; 0          ; 0            ; 0       ; 0         ; 0    ; 0            ; 0          ; |Main|ContadorHsync:ContHsync|FlipFlopD:FFD1           ; FlipFlopD     ; work         ;
;       |FlipFlopD:FFD2|       ; 1 (1)               ; 1 (1)                     ; 0           ; 0          ; 0            ; 0       ; 0         ; 0    ; 0            ; 0          ; |Main|ContadorHsync:ContHsync|FlipFlopD:FFD2           ; FlipFlopD     ; work         ;
;       |FlipFlopD:FFD3|       ; 1 (1)               ; 1 (1)                     ; 0           ; 0          ; 0            ; 0       ; 0         ; 0    ; 0            ; 0          ; |Main|ContadorHsync:ContHsync|FlipFlopD:FFD3           ; FlipFlopD     ; work         ;
;       |FlipFlopD:FFD4|       ; 1 (1)               ; 1 (1)                     ; 0           ; 0          ; 0            ; 0       ; 0         ; 0    ; 0            ; 0          ; |Main|ContadorHsync:ContHsync|FlipFlopD:FFD4           ; FlipFlopD     ; work         ;
;       |FlipFlopD:FFD5|       ; 1 (1)               ; 1 (1)                     ; 0           ; 0          ; 0            ; 0       ; 0         ; 0    ; 0            ; 0          ; |Main|ContadorHsync:ContHsync|FlipFlopD:FFD5           ; FlipFlopD     ; work         ;
;       |FlipFlopD:FFD6|       ; 1 (1)               ; 1 (1)                     ; 0           ; 0          ; 0            ; 0       ; 0         ; 0    ; 0            ; 0          ; |Main|ContadorHsync:ContHsync|FlipFlopD:FFD6           ; FlipFlopD     ; work         ;
;       |FlipFlopD:FFD7|       ; 2 (2)               ; 1 (1)                     ; 0           ; 0          ; 0            ; 0       ; 0         ; 0    ; 0            ; 0          ; |Main|ContadorHsync:ContHsync|FlipFlopD:FFD7           ; FlipFlopD     ; work         ;
;       |FlipFlopD:FFD8|       ; 2 (2)               ; 1 (1)                     ; 0           ; 0          ; 0            ; 0       ; 0         ; 0    ; 0            ; 0          ; |Main|ContadorHsync:ContHsync|FlipFlopD:FFD8           ; FlipFlopD     ; work         ;
;       |FlipFlopD:FFD9|       ; 1 (1)               ; 1 (1)                     ; 0           ; 0          ; 0            ; 0       ; 0         ; 0    ; 0            ; 0          ; |Main|ContadorHsync:ContHsync|FlipFlopD:FFD9           ; FlipFlopD     ; work         ;
;    |ContadorVsync:ContVsync| ; 14 (3)              ; 10 (0)                    ; 0           ; 0          ; 0            ; 0       ; 0         ; 0    ; 0            ; 0          ; |Main|ContadorVsync:ContVsync                          ; ContadorVsync ; work         ;
;       |FlipFlopD:FFD0|       ; 1 (1)               ; 1 (1)                     ; 0           ; 0          ; 0            ; 0       ; 0         ; 0    ; 0            ; 0          ; |Main|ContadorVsync:ContVsync|FlipFlopD:FFD0           ; FlipFlopD     ; work         ;
;       |FlipFlopD:FFD1|       ; 1 (1)               ; 1 (1)                     ; 0           ; 0          ; 0            ; 0       ; 0         ; 0    ; 0            ; 0          ; |Main|ContadorVsync:ContVsync|FlipFlopD:FFD1           ; FlipFlopD     ; work         ;
;       |FlipFlopD:FFD2|       ; 1 (1)               ; 1 (1)                     ; 0           ; 0          ; 0            ; 0       ; 0         ; 0    ; 0            ; 0          ; |Main|ContadorVsync:ContVsync|FlipFlopD:FFD2           ; FlipFlopD     ; work         ;
;       |FlipFlopD:FFD3|       ; 1 (1)               ; 1 (1)                     ; 0           ; 0          ; 0            ; 0       ; 0         ; 0    ; 0            ; 0          ; |Main|ContadorVsync:ContVsync|FlipFlopD:FFD3           ; FlipFlopD     ; work         ;
;       |FlipFlopD:FFD4|       ; 1 (1)               ; 1 (1)                     ; 0           ; 0          ; 0            ; 0       ; 0         ; 0    ; 0            ; 0          ; |Main|ContadorVsync:ContVsync|FlipFlopD:FFD4           ; FlipFlopD     ; work         ;
;       |FlipFlopD:FFD5|       ; 1 (1)               ; 1 (1)                     ; 0           ; 0          ; 0            ; 0       ; 0         ; 0    ; 0            ; 0          ; |Main|ContadorVsync:ContVsync|FlipFlopD:FFD5           ; FlipFlopD     ; work         ;
;       |FlipFlopD:FFD6|       ; 1 (1)               ; 1 (1)                     ; 0           ; 0          ; 0            ; 0       ; 0         ; 0    ; 0            ; 0          ; |Main|ContadorVsync:ContVsync|FlipFlopD:FFD6           ; FlipFlopD     ; work         ;
;       |FlipFlopD:FFD7|       ; 1 (1)               ; 1 (1)                     ; 0           ; 0          ; 0            ; 0       ; 0         ; 0    ; 0            ; 0          ; |Main|ContadorVsync:ContVsync|FlipFlopD:FFD7           ; FlipFlopD     ; work         ;
;       |FlipFlopD:FFD8|       ; 2 (2)               ; 1 (1)                     ; 0           ; 0          ; 0            ; 0       ; 0         ; 0    ; 0            ; 0          ; |Main|ContadorVsync:ContVsync|FlipFlopD:FFD8           ; FlipFlopD     ; work         ;
;       |FlipFlopD:FFD9|       ; 1 (1)               ; 1 (1)                     ; 0           ; 0          ; 0            ; 0       ; 0         ; 0    ; 0            ; 0          ; |Main|ContadorVsync:ContVsync|FlipFlopD:FFD9           ; FlipFlopD     ; work         ;
;    |Conversor:C0|            ; 28 (28)             ; 0 (0)                     ; 0           ; 0          ; 0            ; 0       ; 0         ; 0    ; 0            ; 0          ; |Main|Conversor:C0                                     ; Conversor     ; work         ;
;    |CriarBloco:HSYNC_GEN|    ; 2 (2)               ; 0 (0)                     ; 0           ; 0          ; 0            ; 0       ; 0         ; 0    ; 0            ; 0          ; |Main|CriarBloco:HSYNC_GEN                             ; CriarBloco    ; work         ;
;    |CriarBloco:VSYNC_GEN|    ; 3 (3)               ; 0 (0)                     ; 0           ; 0          ; 0            ; 0       ; 0         ; 0    ; 0            ; 0          ; |Main|CriarBloco:VSYNC_GEN                             ; CriarBloco    ; work         ;
;    |DivFreq:Div|             ; 1 (0)               ; 1 (0)                     ; 0           ; 0          ; 0            ; 0       ; 0         ; 0    ; 0            ; 0          ; |Main|DivFreq:Div                                      ; DivFreq       ; work         ;
;       |FlipFlopD:FFD0|       ; 1 (1)               ; 1 (1)                     ; 0           ; 0          ; 0            ; 0       ; 0         ; 0    ; 0            ; 0          ; |Main|DivFreq:Div|FlipFlopD:FFD0                       ; FlipFlopD     ; work         ;
;    |FlipFlopD:FF_HSYNC|      ; 0 (0)               ; 1 (1)                     ; 0           ; 0          ; 0            ; 0       ; 0         ; 0    ; 0            ; 0          ; |Main|FlipFlopD:FF_HSYNC                               ; FlipFlopD     ; work         ;
;    |FlipFlopD:FF_VIDEO0|     ; 0 (0)               ; 1 (1)                     ; 0           ; 0          ; 0            ; 0       ; 0         ; 0    ; 0            ; 0          ; |Main|FlipFlopD:FF_VIDEO0                              ; FlipFlopD     ; work         ;
;    |FlipFlopD:FF_VIDEO1|     ; 0 (0)               ; 1 (1)                     ; 0           ; 0          ; 0            ; 0       ; 0         ; 0    ; 0            ; 0          ; |Main|FlipFlopD:FF_VIDEO1                              ; FlipFlopD     ; work         ;
;    |FlipFlopD:FF_VIDEO2|     ; 0 (0)               ; 1 (1)                     ; 0           ; 0          ; 0            ; 0       ; 0         ; 0    ; 0            ; 0          ; |Main|FlipFlopD:FF_VIDEO2                              ; FlipFlopD     ; work         ;
;    |FlipFlopD:FF_VIDEO3|     ; 0 (0)               ; 1 (1)                     ; 0           ; 0          ; 0            ; 0       ; 0         ; 0    ; 0            ; 0          ; |Main|FlipFlopD:FF_VIDEO3                              ; FlipFlopD     ; work         ;
;    |FlipFlopD:FF_VSYNC|      ; 0 (0)               ; 1 (1)                     ; 0           ; 0          ; 0            ; 0       ; 0         ; 0    ; 0            ; 0          ; |Main|FlipFlopD:FF_VSYNC                               ; FlipFlopD     ; work         ;
;    |Mux4inp4bits:Mux0|       ; 5 (0)               ; 0 (0)                     ; 0           ; 0          ; 0            ; 0       ; 0         ; 0    ; 0            ; 0          ; |Main|Mux4inp4bits:Mux0                                ; Mux4inp4bits  ; work         ;
;       |Mux4inp:bit0|         ; 1 (1)               ; 0 (0)                     ; 0           ; 0          ; 0            ; 0       ; 0         ; 0    ; 0            ; 0          ; |Main|Mux4inp4bits:Mux0|Mux4inp:bit0                   ; Mux4inp       ; work         ;
;       |Mux4inp:bit1|         ; 1 (1)               ; 0 (0)                     ; 0           ; 0          ; 0            ; 0       ; 0         ; 0    ; 0            ; 0          ; |Main|Mux4inp4bits:Mux0|Mux4inp:bit1                   ; Mux4inp       ; work         ;
;       |Mux4inp:bit2|         ; 1 (1)               ; 0 (0)                     ; 0           ; 0          ; 0            ; 0       ; 0         ; 0    ; 0            ; 0          ; |Main|Mux4inp4bits:Mux0|Mux4inp:bit2                   ; Mux4inp       ; work         ;
;       |Mux4inp:bit3|         ; 2 (2)               ; 0 (0)                     ; 0           ; 0          ; 0            ; 0       ; 0         ; 0    ; 0            ; 0          ; |Main|Mux4inp4bits:Mux0|Mux4inp:bit3                   ; Mux4inp       ; work         ;
;    |Mux4inp8bits:Mux1|       ; 6 (0)               ; 0 (0)                     ; 0           ; 0          ; 0            ; 0       ; 0         ; 0    ; 0            ; 0          ; |Main|Mux4inp8bits:Mux1                                ; Mux4inp8bits  ; work         ;
;       |Mux4inp4bits:Mux1|    ; 6 (0)               ; 0 (0)                     ; 0           ; 0          ; 0            ; 0       ; 0         ; 0    ; 0            ; 0          ; |Main|Mux4inp8bits:Mux1|Mux4inp4bits:Mux1              ; Mux4inp4bits  ; work         ;
;          |Mux4inp:bit0|      ; 2 (2)               ; 0 (0)                     ; 0           ; 0          ; 0            ; 0       ; 0         ; 0    ; 0            ; 0          ; |Main|Mux4inp8bits:Mux1|Mux4inp4bits:Mux1|Mux4inp:bit0 ; Mux4inp       ; work         ;
;          |Mux4inp:bit1|      ; 2 (2)               ; 0 (0)                     ; 0           ; 0          ; 0            ; 0       ; 0         ; 0    ; 0            ; 0          ; |Main|Mux4inp8bits:Mux1|Mux4inp4bits:Mux1|Mux4inp:bit1 ; Mux4inp       ; work         ;
;          |Mux4inp:bit2|      ; 2 (2)               ; 0 (0)                     ; 0           ; 0          ; 0            ; 0       ; 0         ; 0    ; 0            ; 0          ; |Main|Mux4inp8bits:Mux1|Mux4inp4bits:Mux1|Mux4inp:bit2 ; Mux4inp       ; work         ;
;    |Sprite_Pessoa:R_C|       ; 3 (3)               ; 0 (0)                     ; 0           ; 0          ; 0            ; 0       ; 0         ; 0    ; 0            ; 0          ; |Main|Sprite_Pessoa:R_C                                ; Sprite_Pessoa ; work         ;
;    |Sprite_Temp:R_B|         ; 2 (2)               ; 0 (0)                     ; 0           ; 0          ; 0            ; 0       ; 0         ; 0    ; 0            ; 0          ; |Main|Sprite_Temp:R_B                                  ; Sprite_Temp   ; work         ;
+------------------------------+---------------------+---------------------------+-------------+------------+--------------+---------+-----------+------+--------------+------------+--------------------------------------------------------+---------------+--------------+
Note: For table entries with two numbers listed, the numbers in parentheses indicate the number of resources of the given type used by the specific entity alone. The numbers listed outside of parentheses indicate the total resources of the given type used by the specific entity and all of its sub-entities in the hierarchy.


+------------------------------------------------------+
; General Register Statistics                          ;
+----------------------------------------------+-------+
; Statistic                                    ; Value ;
+----------------------------------------------+-------+
; Total registers                              ; 27    ;
; Number of registers using Synchronous Clear  ; 0     ;
; Number of registers using Synchronous Load   ; 0     ;
; Number of registers using Asynchronous Clear ; 20    ;
; Number of registers using Asynchronous Load  ; 0     ;
; Number of registers using Clock Enable       ; 0     ;
; Number of registers using Preset             ; 0     ;
+----------------------------------------------+-------+


+-------------------------------------------------+
; Port Connectivity Checks: "FlipFlopD:FF_VIDEO3" ;
+-------+-------+----------+----------------------+
; Port  ; Type  ; Severity ; Details              ;
+-------+-------+----------+----------------------+
; rst_n ; Input ; Info     ; Stuck at VCC         ;
+-------+-------+----------+----------------------+


+--------------------------------------------------+
; Port Connectivity Checks: "CriarBloco:BLANKD_V"  ;
+----------------+-------+----------+--------------+
; Port           ; Type  ; Severity ; Details      ;
+----------------+-------+----------+--------------+
; ConstMin       ; Input ; Info     ; Stuck at GND ;
; ConstMax[3..0] ; Input ; Info     ; Stuck at VCC ;
; ConstMax[9..4] ; Input ; Info     ; Stuck at GND ;
+----------------+-------+----------+--------------+


+--------------------------------------------------+
; Port Connectivity Checks: "CriarBloco:BLANKD_H"  ;
+----------------+-------+----------+--------------+
; Port           ; Type  ; Severity ; Details      ;
+----------------+-------+----------+--------------+
; ConstMin[6..5] ; Input ; Info     ; Stuck at VCC ;
; ConstMin[9..7] ; Input ; Info     ; Stuck at GND ;
; ConstMin[4..0] ; Input ; Info     ; Stuck at GND ;
; ConstMax[6..5] ; Input ; Info     ; Stuck at VCC ;
; ConstMax[3..0] ; Input ; Info     ; Stuck at VCC ;
; ConstMax[9..7] ; Input ; Info     ; Stuck at GND ;
; ConstMax[4]    ; Input ; Info     ; Stuck at GND ;
+----------------+-------+----------+--------------+


+-------------------------------------------------+
; Port Connectivity Checks: "FlipFlopD:FF_VIDEO2" ;
+-------+-------+----------+----------------------+
; Port  ; Type  ; Severity ; Details              ;
+-------+-------+----------+----------------------+
; rst_n ; Input ; Info     ; Stuck at VCC         ;
+-------+-------+----------+----------------------+


+--------------------------------------------------+
; Port Connectivity Checks: "CriarBloco:BLANKC_V"  ;
+----------------+-------+----------+--------------+
; Port           ; Type  ; Severity ; Details      ;
+----------------+-------+----------+--------------+
; ConstMin       ; Input ; Info     ; Stuck at GND ;
; ConstMax[3..0] ; Input ; Info     ; Stuck at VCC ;
; ConstMax[9..4] ; Input ; Info     ; Stuck at GND ;
+----------------+-------+----------+--------------+


+--------------------------------------------------+
; Port Connectivity Checks: "CriarBloco:BLANKC_H"  ;
+----------------+-------+----------+--------------+
; Port           ; Type  ; Severity ; Details      ;
+----------------+-------+----------+--------------+
; ConstMin[9..7] ; Input ; Info     ; Stuck at GND ;
; ConstMin[5..0] ; Input ; Info     ; Stuck at GND ;
; ConstMin[6]    ; Input ; Info     ; Stuck at VCC ;
; ConstMax[3..0] ; Input ; Info     ; Stuck at VCC ;
; ConstMax[9..7] ; Input ; Info     ; Stuck at GND ;
; ConstMax[5..4] ; Input ; Info     ; Stuck at GND ;
; ConstMax[6]    ; Input ; Info     ; Stuck at VCC ;
+----------------+-------+----------+--------------+


+-------------------------------------------------+
; Port Connectivity Checks: "FlipFlopD:FF_VIDEO1" ;
+-------+-------+----------+----------------------+
; Port  ; Type  ; Severity ; Details              ;
+-------+-------+----------+----------------------+
; rst_n ; Input ; Info     ; Stuck at VCC         ;
+-------+-------+----------+----------------------+


+--------------------------------------------------+
; Port Connectivity Checks: "CriarBloco:BLANKB_V"  ;
+----------------+-------+----------+--------------+
; Port           ; Type  ; Severity ; Details      ;
+----------------+-------+----------+--------------+
; ConstMin       ; Input ; Info     ; Stuck at GND ;
; ConstMax[3..0] ; Input ; Info     ; Stuck at VCC ;
; ConstMax[9..4] ; Input ; Info     ; Stuck at GND ;
+----------------+-------+----------+--------------+


+--------------------------------------------------+
; Port Connectivity Checks: "CriarBloco:BLANKB_H"  ;
+----------------+-------+----------+--------------+
; Port           ; Type  ; Severity ; Details      ;
+----------------+-------+----------+--------------+
; ConstMin[9..6] ; Input ; Info     ; Stuck at GND ;
; ConstMin[4..0] ; Input ; Info     ; Stuck at GND ;
; ConstMin[5]    ; Input ; Info     ; Stuck at VCC ;
; ConstMax[3..0] ; Input ; Info     ; Stuck at VCC ;
; ConstMax[9..6] ; Input ; Info     ; Stuck at GND ;
; ConstMax[5]    ; Input ; Info     ; Stuck at VCC ;
; ConstMax[4]    ; Input ; Info     ; Stuck at GND ;
+----------------+-------+----------+--------------+


+-------------------------------------------------+
; Port Connectivity Checks: "FlipFlopD:FF_VIDEO0" ;
+-------+-------+----------+----------------------+
; Port  ; Type  ; Severity ; Details              ;
+-------+-------+----------+----------------------+
; rst_n ; Input ; Info     ; Stuck at VCC         ;
+-------+-------+----------+----------------------+


+--------------------------------------------------+
; Port Connectivity Checks: "CriarBloco:BLANK_V"   ;
+----------------+-------+----------+--------------+
; Port           ; Type  ; Severity ; Details      ;
+----------------+-------+----------+--------------+
; ConstMin       ; Input ; Info     ; Stuck at GND ;
; ConstMax[3..0] ; Input ; Info     ; Stuck at VCC ;
; ConstMax[9..4] ; Input ; Info     ; Stuck at GND ;
+----------------+-------+----------+--------------+


+--------------------------------------------------+
; Port Connectivity Checks: "CriarBloco:BLANK_H"   ;
+----------------+-------+----------+--------------+
; Port           ; Type  ; Severity ; Details      ;
+----------------+-------+----------+--------------+
; ConstMin       ; Input ; Info     ; Stuck at GND ;
; ConstMax[3..0] ; Input ; Info     ; Stuck at VCC ;
; ConstMax[9..4] ; Input ; Info     ; Stuck at GND ;
+----------------+-------+----------+--------------+


+------------------------------------------------+
; Port Connectivity Checks: "FlipFlopD:FF_VSYNC" ;
+-------+-------+----------+---------------------+
; Port  ; Type  ; Severity ; Details             ;
+-------+-------+----------+---------------------+
; rst_n ; Input ; Info     ; Stuck at VCC        ;
+-------+-------+----------+---------------------+


+------------------------------------------------+
; Port Connectivity Checks: "FlipFlopD:FF_HSYNC" ;
+-------+-------+----------+---------------------+
; Port  ; Type  ; Severity ; Details             ;
+-------+-------+----------+---------------------+
; rst_n ; Input ; Info     ; Stuck at VCC        ;
+-------+-------+----------+---------------------+


+--------------------------------------------------+
; Port Connectivity Checks: "CriarBloco:VSYNC_GEN" ;
+----------------+-------+----------+--------------+
; Port           ; Type  ; Severity ; Details      ;
+----------------+-------+----------+--------------+
; ConstMin[8..5] ; Input ; Info     ; Stuck at VCC ;
; ConstMin[9]    ; Input ; Info     ; Stuck at GND ;
; ConstMin[4]    ; Input ; Info     ; Stuck at GND ;
; ConstMin[3]    ; Input ; Info     ; Stuck at VCC ;
; ConstMin[2]    ; Input ; Info     ; Stuck at GND ;
; ConstMin[1]    ; Input ; Info     ; Stuck at VCC ;
; ConstMin[0]    ; Input ; Info     ; Stuck at GND ;
; ConstMax[8..5] ; Input ; Info     ; Stuck at VCC ;
; ConstMax[1..0] ; Input ; Info     ; Stuck at VCC ;
; ConstMax[9]    ; Input ; Info     ; Stuck at GND ;
; ConstMax[4]    ; Input ; Info     ; Stuck at GND ;
; ConstMax[3]    ; Input ; Info     ; Stuck at VCC ;
; ConstMax[2]    ; Input ; Info     ; Stuck at GND ;
+----------------+-------+----------+--------------+


+-------------------------------------------------------------------------+
; Port Connectivity Checks: "CriarBloco:HSYNC_GEN|Comparador10bits:Comp1" ;
+------+--------+----------+----------------------------------------------+
; Port ; Type   ; Severity ; Details                                      ;
+------+--------+----------+----------------------------------------------+
; Gt   ; Output ; Info     ; Explicitly unconnected                       ;
+------+--------+----------+----------------------------------------------+


+----------------------------------------------------------------------------------------------------------------+
; Port Connectivity Checks: "CriarBloco:HSYNC_GEN|Comparador10bits:Comp0|Comparador1bit:bit1"                    ;
+------+--------+----------+-------------------------------------------------------------------------------------+
; Port ; Type   ; Severity ; Details                                                                             ;
+------+--------+----------+-------------------------------------------------------------------------------------+
; Eq   ; Output ; Info     ; Connected to dangling logic. Logic that only feeds a dangling port will be removed. ;
+------+--------+----------+-------------------------------------------------------------------------------------+


+----------------------------------------------------------------------------------------------------------------+
; Port Connectivity Checks: "CriarBloco:HSYNC_GEN|Comparador10bits:Comp0|Comparador1bit:bit2"                    ;
+------+--------+----------+-------------------------------------------------------------------------------------+
; Port ; Type   ; Severity ; Details                                                                             ;
+------+--------+----------+-------------------------------------------------------------------------------------+
; Eq   ; Output ; Info     ; Connected to dangling logic. Logic that only feeds a dangling port will be removed. ;
+------+--------+----------+-------------------------------------------------------------------------------------+


+----------------------------------------------------------------------------------------------------------------+
; Port Connectivity Checks: "CriarBloco:HSYNC_GEN|Comparador10bits:Comp0|Comparador1bit:bit3"                    ;
+------+--------+----------+-------------------------------------------------------------------------------------+
; Port ; Type   ; Severity ; Details                                                                             ;
+------+--------+----------+-------------------------------------------------------------------------------------+
; Eq   ; Output ; Info     ; Connected to dangling logic. Logic that only feeds a dangling port will be removed. ;
+------+--------+----------+-------------------------------------------------------------------------------------+


+----------------------------------------------------------------------------------------------------------------+
; Port Connectivity Checks: "CriarBloco:HSYNC_GEN|Comparador10bits:Comp0|Comparador1bit:bit4"                    ;
+------+--------+----------+-------------------------------------------------------------------------------------+
; Port ; Type   ; Severity ; Details                                                                             ;
+------+--------+----------+-------------------------------------------------------------------------------------+
; Eq   ; Output ; Info     ; Connected to dangling logic. Logic that only feeds a dangling port will be removed. ;
+------+--------+----------+-------------------------------------------------------------------------------------+


+----------------------------------------------------------------------------------------------------------------+
; Port Connectivity Checks: "CriarBloco:HSYNC_GEN|Comparador10bits:Comp0|Comparador1bit:bit5"                    ;
+------+--------+----------+-------------------------------------------------------------------------------------+
; Port ; Type   ; Severity ; Details                                                                             ;
+------+--------+----------+-------------------------------------------------------------------------------------+
; Eq   ; Output ; Info     ; Connected to dangling logic. Logic that only feeds a dangling port will be removed. ;
+------+--------+----------+-------------------------------------------------------------------------------------+


+----------------------------------------------------------------------------------------------------------------+
; Port Connectivity Checks: "CriarBloco:HSYNC_GEN|Comparador10bits:Comp0|Comparador1bit:bit6"                    ;
+------+--------+----------+-------------------------------------------------------------------------------------+
; Port ; Type   ; Severity ; Details                                                                             ;
+------+--------+----------+-------------------------------------------------------------------------------------+
; Eq   ; Output ; Info     ; Connected to dangling logic. Logic that only feeds a dangling port will be removed. ;
+------+--------+----------+-------------------------------------------------------------------------------------+


+----------------------------------------------------------------------------------------------------------------+
; Port Connectivity Checks: "CriarBloco:HSYNC_GEN|Comparador10bits:Comp0|Comparador1bit:bit7"                    ;
+------+--------+----------+-------------------------------------------------------------------------------------+
; Port ; Type   ; Severity ; Details                                                                             ;
+------+--------+----------+-------------------------------------------------------------------------------------+
; Eq   ; Output ; Info     ; Connected to dangling logic. Logic that only feeds a dangling port will be removed. ;
+------+--------+----------+-------------------------------------------------------------------------------------+


+----------------------------------------------------------------------------------------------------------------+
; Port Connectivity Checks: "CriarBloco:HSYNC_GEN|Comparador10bits:Comp0|Comparador1bit:bit8"                    ;
+------+--------+----------+-------------------------------------------------------------------------------------+
; Port ; Type   ; Severity ; Details                                                                             ;
+------+--------+----------+-------------------------------------------------------------------------------------+
; Eq   ; Output ; Info     ; Connected to dangling logic. Logic that only feeds a dangling port will be removed. ;
+------+--------+----------+-------------------------------------------------------------------------------------+


+----------------------------------------------------------------------------------------------------------------+
; Port Connectivity Checks: "CriarBloco:HSYNC_GEN|Comparador10bits:Comp0|Comparador1bit:bit9"                    ;
+------+--------+----------+-------------------------------------------------------------------------------------+
; Port ; Type   ; Severity ; Details                                                                             ;
+------+--------+----------+-------------------------------------------------------------------------------------+
; Eq   ; Output ; Info     ; Connected to dangling logic. Logic that only feeds a dangling port will be removed. ;
; Ltin ; Input  ; Info     ; Stuck at GND                                                                        ;
; Gtin ; Input  ; Info     ; Stuck at GND                                                                        ;
+------+--------+----------+-------------------------------------------------------------------------------------+


+-------------------------------------------------------------------------+
; Port Connectivity Checks: "CriarBloco:HSYNC_GEN|Comparador10bits:Comp0" ;
+------+--------+----------+----------------------------------------------+
; Port ; Type   ; Severity ; Details                                      ;
+------+--------+----------+----------------------------------------------+
; Lt   ; Output ; Info     ; Explicitly unconnected                       ;
+------+--------+----------+----------------------------------------------+


+--------------------------------------------------+
; Port Connectivity Checks: "CriarBloco:HSYNC_GEN" ;
+----------------+-------+----------+--------------+
; Port           ; Type  ; Severity ; Details      ;
+----------------+-------+----------+--------------+
; ConstMin[6..5] ; Input ; Info     ; Stuck at GND ;
; ConstMin[3..0] ; Input ; Info     ; Stuck at GND ;
; ConstMin[9]    ; Input ; Info     ; Stuck at VCC ;
; ConstMin[8]    ; Input ; Info     ; Stuck at GND ;
; ConstMin[7]    ; Input ; Info     ; Stuck at VCC ;
; ConstMin[4]    ; Input ; Info     ; Stuck at VCC ;
; ConstMax[7..5] ; Input ; Info     ; Stuck at VCC ;
; ConstMax[3..0] ; Input ; Info     ; Stuck at VCC ;
; ConstMax[9]    ; Input ; Info     ; Stuck at VCC ;
; ConstMax[8]    ; Input ; Info     ; Stuck at GND ;
; ConstMax[4]    ; Input ; Info     ; Stuck at GND ;
+----------------+-------+----------+--------------+


+--------------------------------------------------------------------------------------------------------------------------------------+
; Port Connectivity Checks: "ContadorVsync:ContVsync"                                                                                  ;
+-------+--------+----------+----------------------------------------------------------------------------------------------------------+
; Port  ; Type   ; Severity ; Details                                                                                                  ;
+-------+--------+----------+----------------------------------------------------------------------------------------------------------+
; rst_n ; Output ; Warning  ; Declared by entity but not connected by instance. Logic that only feeds a dangling port will be removed. ;
+-------+--------+----------+----------------------------------------------------------------------------------------------------------+


+--------------------------------------------------------------------------------------------------------------------------------------+
; Port Connectivity Checks: "ContadorHsync:ContHsync"                                                                                  ;
+-------+--------+----------+----------------------------------------------------------------------------------------------------------+
; Port  ; Type   ; Severity ; Details                                                                                                  ;
+-------+--------+----------+----------------------------------------------------------------------------------------------------------+
; rst_n ; Output ; Info     ; Connected to dangling logic. Logic that only feeds a dangling port will be removed.                      ;
; T     ; Output ; Warning  ; Declared by entity but not connected by instance. Logic that only feeds a dangling port will be removed. ;
+-------+--------+----------+----------------------------------------------------------------------------------------------------------+


+-------------------------------------------------------------------------------------------------------------------------------------------------------------------------------------------------------------------+
; Port Connectivity Checks: "DivFreq:Div|FlipFlopD:FFD0"                                                                                                                                                            ;
+-----------+-------+----------+------------------------------------------------------------------------------------------------------------------------------------------------------------------------------------+
; Port      ; Type  ; Severity ; Details                                                                                                                                                                            ;
+-----------+-------+----------+------------------------------------------------------------------------------------------------------------------------------------------------------------------------------------+
; rst_n     ; Input ; Warning  ; Input port expression (32 bits) is wider than the input port (1 bits) it drives.  The 31 most-significant bit(s) in the expression will be dangling if they have no other fanouts. ;
; rst_n[-1] ; Input ; Info     ; Stuck at VCC                                                                                                                                                                       ;
+-----------+-------+----------+------------------------------------------------------------------------------------------------------------------------------------------------------------------------------------+


+----------------------------------------------------------------------------------------------------------------------------------------------------------------------+
; Port Connectivity Checks: "Mux4inp8bits:Mux1|Mux4inp4bits:Mux1"                                                                                                      ;
+------+--------+----------+-------------------------------------------------------------------------------------------------------------------------------------------+
; Port ; Type   ; Severity ; Details                                                                                                                                   ;
+------+--------+----------+-------------------------------------------------------------------------------------------------------------------------------------------+
; S    ; Output ; Warning  ; Output or bidir port (5 bits) is wider than the port expression (4 bits) it drives; bit(s) "S[4..4]" have no fanouts                      ;
; A    ; Input  ; Warning  ; Input port expression (4 bits) is smaller than the input port (5 bits) it drives.  Extra input bit(s) "A[4..4]" will be connected to GND. ;
; B    ; Input  ; Warning  ; Input port expression (4 bits) is smaller than the input port (5 bits) it drives.  Extra input bit(s) "B[4..4]" will be connected to GND. ;
; C    ; Input  ; Warning  ; Input port expression (4 bits) is smaller than the input port (5 bits) it drives.  Extra input bit(s) "C[4..4]" will be connected to GND. ;
; D    ; Input  ; Warning  ; Input port expression (4 bits) is smaller than the input port (5 bits) it drives.  Extra input bit(s) "D[4..4]" will be connected to GND. ;
+------+--------+----------+-------------------------------------------------------------------------------------------------------------------------------------------+


+----------------------------------------------------------------------------------------------------------------------------------------------------------------------+
; Port Connectivity Checks: "Mux4inp8bits:Mux1|Mux4inp4bits:Mux0"                                                                                                      ;
+------+--------+----------+-------------------------------------------------------------------------------------------------------------------------------------------+
; Port ; Type   ; Severity ; Details                                                                                                                                   ;
+------+--------+----------+-------------------------------------------------------------------------------------------------------------------------------------------+
; S    ; Output ; Warning  ; Output or bidir port (5 bits) is wider than the port expression (4 bits) it drives; bit(s) "S[4..4]" have no fanouts                      ;
; A    ; Input  ; Warning  ; Input port expression (4 bits) is smaller than the input port (5 bits) it drives.  Extra input bit(s) "A[4..4]" will be connected to GND. ;
; B    ; Input  ; Warning  ; Input port expression (4 bits) is smaller than the input port (5 bits) it drives.  Extra input bit(s) "B[4..4]" will be connected to GND. ;
; C    ; Input  ; Warning  ; Input port expression (4 bits) is smaller than the input port (5 bits) it drives.  Extra input bit(s) "C[4..4]" will be connected to GND. ;
; D    ; Input  ; Warning  ; Input port expression (4 bits) is smaller than the input port (5 bits) it drives.  Extra input bit(s) "D[4..4]" will be connected to GND. ;
+------+--------+----------+-------------------------------------------------------------------------------------------------------------------------------------------+


+-----------------------------------------------+
; Port Connectivity Checks: "Mux4inp8bits:Mux1" ;
+---------+-------+----------+------------------+
; Port    ; Type  ; Severity ; Details          ;
+---------+-------+----------+------------------+
; A[3..0] ; Input ; Info     ; Stuck at GND     ;
; A[7]    ; Input ; Info     ; Stuck at GND     ;
; B[7..4] ; Input ; Info     ; Stuck at GND     ;
; C[6..0] ; Input ; Info     ; Stuck at GND     ;
; C[7]    ; Input ; Info     ; Stuck at VCC     ;
; D[5..0] ; Input ; Info     ; Stuck at GND     ;
; D[7]    ; Input ; Info     ; Stuck at GND     ;
; D[6]    ; Input ; Info     ; Stuck at VCC     ;
+---------+-------+----------+------------------+


+------------------------------------------------------------------------------------------------------------------------------------------------------------------------+
; Port Connectivity Checks: "Mux4inp4bits:Mux0"                                                                                                                          ;
+---------+-------+----------+-------------------------------------------------------------------------------------------------------------------------------------------+
; Port    ; Type  ; Severity ; Details                                                                                                                                   ;
+---------+-------+----------+-------------------------------------------------------------------------------------------------------------------------------------------+
; A[4]    ; Input ; Info     ; Stuck at GND                                                                                                                              ;
; B[4]    ; Input ; Info     ; Stuck at VCC                                                                                                                              ;
; C       ; Input ; Warning  ; Input port expression (4 bits) is smaller than the input port (5 bits) it drives.  Extra input bit(s) "C[4..4]" will be connected to GND. ;
; C[2..1] ; Input ; Info     ; Stuck at GND                                                                                                                              ;
; C[4]    ; Input ; Info     ; Stuck at VCC                                                                                                                              ;
; C[1]    ; Input ; Info     ; Stuck at VCC                                                                                                                              ;
; D       ; Input ; Warning  ; Input port expression (4 bits) is smaller than the input port (5 bits) it drives.  Extra input bit(s) "D[4..4]" will be connected to GND. ;
; D[2..0] ; Input ; Info     ; Stuck at GND                                                                                                                              ;
; D[4]    ; Input ; Info     ; Stuck at VCC                                                                                                                              ;
+---------+-------+----------+-------------------------------------------------------------------------------------------------------------------------------------------+


+-----------------------------------------------------+
; Post-Synthesis Netlist Statistics for Top Partition ;
+-----------------------+-----------------------------+
; Type                  ; Count                       ;
+-----------------------+-----------------------------+
; boundary_port         ; 36                          ;
; cycloneiii_ff         ; 27                          ;
;     CLR               ; 20                          ;
;     plain             ; 7                           ;
; cycloneiii_lcell_comb ; 139                         ;
;     normal            ; 139                         ;
;         0 data inputs ; 1                           ;
;         1 data inputs ; 5                           ;
;         2 data inputs ; 10                          ;
;         3 data inputs ; 25                          ;
;         4 data inputs ; 98                          ;
;                       ;                             ;
; Max LUT depth         ; 6.00                        ;
; Average LUT depth     ; 3.20                        ;
+-----------------------+-----------------------------+


+-------------------------------+
; Elapsed Time Per Partition    ;
+----------------+--------------+
; Partition Name ; Elapsed Time ;
+----------------+--------------+
; Top            ; 00:00:00     ;
+----------------+--------------+


+-------------------------------+
; Analysis & Synthesis Messages ;
+-------------------------------+
Info: *******************************************************************
Info: Running Quartus Prime Analysis & Synthesis
    Info: Version 23.1std.0 Build 991 11/28/2023 SC Lite Edition
    Info: Processing started: Tue Mar 31 16:23:55 2026
Info: Command: quartus_map --read_settings_files=on --write_settings_files=off teste -c teste
Warning (18236): Number of processors has not been specified which may cause overloading on shared machines.  Set the global assignment NUM_PARALLEL_PROCESSORS in your QSF to an appropriate value for best performance.
Info (20030): Parallel compilation is enabled and will use 14 of the 14 processors detected
Info (12021): Found 1 design units, including 1 entities, in source file Conversor.v
    Info (12023): Found entity 1: Conversor File: /home/aluno/Downloads/VFinal/V2/teste/Conversor.v Line: 1
Info (12021): Found 1 design units, including 1 entities, in source file Logic.v
    Info (12023): Found entity 1: Logic File: /home/aluno/Downloads/VFinal/V2/teste/Logic.v Line: 1
Info (12021): Found 1 design units, including 1 entities, in source file Main.v
    Info (12023): Found entity 1: Main File: /home/aluno/Downloads/VFinal/V2/teste/Main.v Line: 1
Info (12021): Found 1 design units, including 1 entities, in source file Mux4inp.v
    Info (12023): Found entity 1: Mux4inp File: /home/aluno/Downloads/VFinal/V2/teste/Mux4inp.v Line: 1
Info (12021): Found 1 design units, including 1 entities, in source file Mux4inp4bits.v
    Info (12023): Found entity 1: Mux4inp4bits File: /home/aluno/Downloads/VFinal/V2/teste/Mux4inp4bits.v Line: 1
Info (12021): Found 1 design units, including 1 entities, in source file LogicaLEDs.v
    Info (12023): Found entity 1: LogicaLEDs File: /home/aluno/Downloads/VFinal/V2/teste/LogicaLEDs.v Line: 1
Info (12021): Found 1 design units, including 1 entities, in source file Mux4inp8bits.v
    Info (12023): Found entity 1: Mux4inp8bits File: /home/aluno/Downloads/VFinal/V2/teste/Mux4inp8bits.v Line: 1
Info (12021): Found 1 design units, including 1 entities, in source file FlipFlopD.v
    Info (12023): Found entity 1: FlipFlopD File: /home/aluno/Downloads/VFinal/V2/teste/FlipFlopD.v Line: 1
Info (12021): Found 1 design units, including 1 entities, in source file Registrador10Bits.v
    Info (12023): Found entity 1: Registrador10Bits File: /home/aluno/Downloads/VFinal/V2/teste/Registrador10Bits.v Line: 1
Info (12021): Found 1 design units, including 1 entities, in source file Comparador1bit.v
    Info (12023): Found entity 1: Comparador1bit File: /home/aluno/Downloads/VFinal/V2/teste/Comparador1bit.v Line: 1
Info (12021): Found 1 design units, including 1 entities, in source file Comparador10bits.v
    Info (12023): Found entity 1: Comparador10bits File: /home/aluno/Downloads/VFinal/V2/teste/Comparador10bits.v Line: 1
Info (12021): Found 1 design units, including 1 entities, in source file CriarBloco.v
    Info (12023): Found entity 1: CriarBloco File: /home/aluno/Downloads/VFinal/V2/teste/CriarBloco.v Line: 1
Info (12021): Found 1 design units, including 1 entities, in source file ContadorHsync.v
    Info (12023): Found entity 1: ContadorHsync File: /home/aluno/Downloads/VFinal/V2/teste/ContadorHsync.v Line: 1
Info (12021): Found 1 design units, including 1 entities, in source file ContadorVsync.v
    Info (12023): Found entity 1: ContadorVsync File: /home/aluno/Downloads/VFinal/V2/teste/ContadorVsync.v Line: 1
Info (12021): Found 1 design units, including 1 entities, in source file DivFreq.v
    Info (12023): Found entity 1: DivFreq File: /home/aluno/Downloads/VFinal/V2/teste/DivFreq.v Line: 1
Info (12021): Found 1 design units, including 1 entities, in source file Sprite_Gas.v
    Info (12023): Found entity 1: Sprite_Gas File: /home/aluno/Downloads/VFinal/V2/teste/Sprite_Gas.v Line: 1
Info (12021): Found 1 design units, including 1 entities, in source file Sprite_Temp.v
    Info (12023): Found entity 1: Sprite_Temp File: /home/aluno/Downloads/VFinal/V2/teste/Sprite_Temp.v Line: 1
Info (12021): Found 1 design units, including 1 entities, in source file Sprite_Luz.v
    Info (12023): Found entity 1: Sprite_Luz File: /home/aluno/Downloads/VFinal/V2/teste/Sprite_Luz.v Line: 1
Info (12021): Found 1 design units, including 1 entities, in source file Sprite_Pessoa.v
    Info (12023): Found entity 1: Sprite_Pessoa File: /home/aluno/Downloads/VFinal/V2/teste/Sprite_Pessoa.v Line: 1
Warning (10236): Verilog HDL Implicit Net warning at LogicaLEDs.v(7): created implicit net for "Ab" File: /home/aluno/Downloads/VFinal/V2/teste/LogicaLEDs.v Line: 7
Warning (10236): Verilog HDL Implicit Net warning at LogicaLEDs.v(8): created implicit net for "Bb" File: /home/aluno/Downloads/VFinal/V2/teste/LogicaLEDs.v Line: 8
Warning (10236): Verilog HDL Implicit Net warning at LogicaLEDs.v(9): created implicit net for "Cb" File: /home/aluno/Downloads/VFinal/V2/teste/LogicaLEDs.v Line: 9
Warning (10236): Verilog HDL Implicit Net warning at LogicaLEDs.v(10): created implicit net for "Db" File: /home/aluno/Downloads/VFinal/V2/teste/LogicaLEDs.v Line: 10
Info (12127): Elaborating entity "Main" for the top level hierarchy
Info (12128): Elaborating entity "Logic" for hierarchy "Logic:L0" File: /home/aluno/Downloads/VFinal/V2/teste/Main.v Line: 16
Info (12128): Elaborating entity "Mux4inp4bits" for hierarchy "Mux4inp4bits:Mux0" File: /home/aluno/Downloads/VFinal/V2/teste/Main.v Line: 25
Info (12128): Elaborating entity "Mux4inp" for hierarchy "Mux4inp4bits:Mux0|Mux4inp:bit0" File: /home/aluno/Downloads/VFinal/V2/teste/Mux4inp4bits.v Line: 18
Info (12128): Elaborating entity "Conversor" for hierarchy "Conversor:C0" File: /home/aluno/Downloads/VFinal/V2/teste/Main.v Line: 27
Info (12128): Elaborating entity "LogicaLEDs" for hierarchy "LogicaLEDs:Log0" File: /home/aluno/Downloads/VFinal/V2/teste/Main.v Line: 36
Info (12128): Elaborating entity "Mux4inp8bits" for hierarchy "Mux4inp8bits:Mux1" File: /home/aluno/Downloads/VFinal/V2/teste/Main.v Line: 45
Info (12128): Elaborating entity "DivFreq" for hierarchy "DivFreq:Div" File: /home/aluno/Downloads/VFinal/V2/teste/Main.v Line: 48
Info (12128): Elaborating entity "FlipFlopD" for hierarchy "DivFreq:Div|FlipFlopD:FFD0" File: /home/aluno/Downloads/VFinal/V2/teste/DivFreq.v Line: 12
Info (12128): Elaborating entity "ContadorHsync" for hierarchy "ContadorHsync:ContHsync" File: /home/aluno/Downloads/VFinal/V2/teste/Main.v Line: 58
Info (12128): Elaborating entity "ContadorVsync" for hierarchy "ContadorVsync:ContVsync" File: /home/aluno/Downloads/VFinal/V2/teste/Main.v Line: 64
Info (12128): Elaborating entity "CriarBloco" for hierarchy "CriarBloco:HSYNC_GEN" File: /home/aluno/Downloads/VFinal/V2/teste/Main.v Line: 72
Info (12128): Elaborating entity "Comparador10bits" for hierarchy "CriarBloco:HSYNC_GEN|Comparador10bits:Comp0" File: /home/aluno/Downloads/VFinal/V2/teste/CriarBloco.v Line: 15
Info (12128): Elaborating entity "Comparador1bit" for hierarchy "CriarBloco:HSYNC_GEN|Comparador10bits:Comp0|Comparador1bit:bit9" File: /home/aluno/Downloads/VFinal/V2/teste/Comparador10bits.v Line: 11
Info (12128): Elaborating entity "Sprite_Gas" for hierarchy "Sprite_Gas:R_A" File: /home/aluno/Downloads/VFinal/V2/teste/Main.v Line: 107
Info (12128): Elaborating entity "Sprite_Temp" for hierarchy "Sprite_Temp:R_B" File: /home/aluno/Downloads/VFinal/V2/teste/Main.v Line: 131
Info (12128): Elaborating entity "Sprite_Pessoa" for hierarchy "Sprite_Pessoa:R_C" File: /home/aluno/Downloads/VFinal/V2/teste/Main.v Line: 156
Info (12128): Elaborating entity "Sprite_Luz" for hierarchy "Sprite_Luz:R_D" File: /home/aluno/Downloads/VFinal/V2/teste/Main.v Line: 180
Warning (12241): 6 hierarchies have connectivity warnings - see the Connectivity Checks report folder
Warning (13024): Output pins are stuck at VCC or GND
    Warning (13410): Pin "G[0]" is stuck at GND File: /home/aluno/Downloads/VFinal/V2/teste/Main.v Line: 7
    Warning (13410): Pin "G[1]" is stuck at GND File: /home/aluno/Downloads/VFinal/V2/teste/Main.v Line: 7
    Warning (13410): Pin "G[2]" is stuck at GND File: /home/aluno/Downloads/VFinal/V2/teste/Main.v Line: 7
    Warning (13410): Pin "G[3]" is stuck at GND File: /home/aluno/Downloads/VFinal/V2/teste/Main.v Line: 7
    Warning (13410): Pin "Blue[0]" is stuck at GND File: /home/aluno/Downloads/VFinal/V2/teste/Main.v Line: 8
    Warning (13410): Pin "Blue[1]" is stuck at GND File: /home/aluno/Downloads/VFinal/V2/teste/Main.v Line: 8
    Warning (13410): Pin "Blue[2]" is stuck at GND File: /home/aluno/Downloads/VFinal/V2/teste/Main.v Line: 8
    Warning (13410): Pin "Blue[3]" is stuck at GND File: /home/aluno/Downloads/VFinal/V2/teste/Main.v Line: 8
Info (286030): Timing-Driven Synthesis is running
Info (144001): Generated suppressed messages file /home/aluno/Downloads/VFinal/V2/teste/output_files/teste.map.smsg
Info (16010): Generating hard_block partition "hard_block:auto_generated_inst"
    Info (16011): Adding 0 node(s), including 0 DDIO, 0 PLL, 0 transceiver and 0 LCELL
Info (21057): Implemented 172 device resources after synthesis - the final resource count might be different
    Info (21058): Implemented 7 input pins
    Info (21059): Implemented 29 output pins
    Info (21061): Implemented 136 logic cells
Info: Quartus Prime Analysis & Synthesis was successful. 0 errors, 15 warnings
    Info: Peak virtual memory: 481 megabytes
    Info: Processing ended: Tue Mar 31 16:24:00 2026
    Info: Elapsed time: 00:00:05
    Info: Total CPU time (on all processors): 00:00:12


+------------------------------------------+
; Analysis & Synthesis Suppressed Messages ;
+------------------------------------------+
The suppressed messages can be found in /home/aluno/Downloads/VFinal/V2/teste/output_files/teste.map.smsg.


