------------------------------------------------------------
Timing Analyzer Summary
------------------------------------------------------------

Type  : Slow 1200mV 85C Model Setup 'DivFreq:Div|FlipFlopD:FFD0|q'
Slack : -2.874
TNS   : -26.501

Type  : Slow 1200mV 85C Model Setup 'ContadorHsync:ContHsync|FlipFlopD:FFD9|q'
Slack : -1.082
TNS   : -5.661

Type  : Slow 1200mV 85C Model Setup 'CLK'
Slack : -0.686
TNS   : -0.686

Type  : Slow 1200mV 85C Model Hold 'ContadorHsync:ContHsync|FlipFlopD:FFD9|q'
Slack : 0.329
TNS   : 0.000

Type  : Slow 1200mV 85C Model Hold 'DivFreq:Div|FlipFlopD:FFD0|q'
Slack : 0.347
TNS   : 0.000

Type  : Slow 1200mV 85C Model Hold 'CLK'
Slack : 0.644
TNS   : 0.000

Type  : Slow 1200mV 85C Model Recovery 'DivFreq:Div|FlipFlopD:FFD0|q'
Slack : -2.048
TNS   : -20.408

Type  : Slow 1200mV 85C Model Recovery 'ContadorHsync:ContHsync|FlipFlopD:FFD9|q'
Slack : -1.019
TNS   : -9.744

Type  : Slow 1200mV 85C Model Removal 'ContadorHsync:ContHsync|FlipFlopD:FFD9|q'
Slack : 0.811
TNS   : 0.000

Type  : Slow 1200mV 85C Model Removal 'DivFreq:Div|FlipFlopD:FFD0|q'
Slack : 1.507
TNS   : 0.000

Type  : Slow 1200mV 85C Model Minimum Pulse Width 'CLK'
Slack : -3.000
TNS   : -4.403

Type  : Slow 1200mV 85C Model Minimum Pulse Width 'DivFreq:Div|FlipFlopD:FFD0|q'
Slack : -1.403
TNS   : -22.448

Type  : Slow 1200mV 85C Model Minimum Pulse Width 'ContadorHsync:ContHsync|FlipFlopD:FFD9|q'
Slack : -1.403
TNS   : -14.030

Type  : Slow 1200mV 0C Model Setup 'DivFreq:Div|FlipFlopD:FFD0|q'
Slack : -2.575
TNS   : -22.938

Type  : Slow 1200mV 0C Model Setup 'ContadorHsync:ContHsync|FlipFlopD:FFD9|q'
Slack : -0.892
TNS   : -4.352

Type  : Slow 1200mV 0C Model Setup 'CLK'
Slack : -0.485
TNS   : -0.485

Type  : Slow 1200mV 0C Model Hold 'ContadorHsync:ContHsync|FlipFlopD:FFD9|q'
Slack : 0.295
TNS   : 0.000

Type  : Slow 1200mV 0C Model Hold 'DivFreq:Div|FlipFlopD:FFD0|q'
Slack : 0.311
TNS   : 0.000

Type  : Slow 1200mV 0C Model Hold 'CLK'
Slack : 0.478
TNS   : 0.000

Type  : Slow 1200mV 0C Model Recovery 'DivFreq:Div|FlipFlopD:FFD0|q'
Slack : -1.755
TNS   : -17.480

Type  : Slow 1200mV 0C Model Recovery 'ContadorHsync:ContHsync|FlipFlopD:FFD9|q'
Slack : -0.846
TNS   : -8.070

Type  : Slow 1200mV 0C Model Removal 'ContadorHsync:ContHsync|FlipFlopD:FFD9|q'
Slack : 0.761
TNS   : 0.000

Type  : Slow 1200mV 0C Model Removal 'DivFreq:Div|FlipFlopD:FFD0|q'
Slack : 1.455
TNS   : 0.000

Type  : Slow 1200mV 0C Model Minimum Pulse Width 'CLK'
Slack : -3.000
TNS   : -4.403

Type  : Slow 1200mV 0C Model Minimum Pulse Width 'DivFreq:Div|FlipFlopD:FFD0|q'
Slack : -1.403
TNS   : -22.448

Type  : Slow 1200mV 0C Model Minimum Pulse Width 'ContadorHsync:ContHsync|FlipFlopD:FFD9|q'
Slack : -1.403
TNS   : -14.030

Type  : Fast 1200mV 0C Model Setup 'DivFreq:Div|FlipFlopD:FFD0|q'
Slack : -1.076
TNS   : -6.014

Type  : Fast 1200mV 0C Model Setup 'CLK'
Slack : -0.169
TNS   : -0.169

Type  : Fast 1200mV 0C Model Setup 'ContadorHsync:ContHsync|FlipFlopD:FFD9|q'
Slack : 0.110
TNS   : 0.000

Type  : Fast 1200mV 0C Model Hold 'ContadorHsync:ContHsync|FlipFlopD:FFD9|q'
Slack : 0.142
TNS   : 0.000

Type  : Fast 1200mV 0C Model Hold 'DivFreq:Div|FlipFlopD:FFD0|q'
Slack : 0.152
TNS   : 0.000

Type  : Fast 1200mV 0C Model Hold 'CLK'
Slack : 0.413
TNS   : 0.000

Type  : Fast 1200mV 0C Model Recovery 'DivFreq:Div|FlipFlopD:FFD0|q'
Slack : -0.504
TNS   : -5.010

Type  : Fast 1200mV 0C Model Recovery 'ContadorHsync:ContHsync|FlipFlopD:FFD9|q'
Slack : 0.098
TNS   : 0.000

Type  : Fast 1200mV 0C Model Removal 'ContadorHsync:ContHsync|FlipFlopD:FFD9|q'
Slack : 0.326
TNS   : 0.000

Type  : Fast 1200mV 0C Model Removal 'DivFreq:Div|FlipFlopD:FFD0|q'
Slack : 0.460
TNS   : 0.000

Type  : Fast 1200mV 0C Model Minimum Pulse Width 'CLK'
Slack : -3.000
TNS   : -4.082

Type  : Fast 1200mV 0C Model Minimum Pulse Width 'DivFreq:Div|FlipFlopD:FFD0|q'
Slack : -1.000
TNS   : -16.000

Type  : Fast 1200mV 0C Model Minimum Pulse Width 'ContadorHsync:ContHsync|FlipFlopD:FFD9|q'
Slack : -1.000
TNS   : -10.000

------------------------------------------------------------
